Mon May  6 23:50:41 PDT 2024
;; 1. Based on: runG50
;; 2. Description: G50 + inverse model with all caseum samples (no hockey stick), new S587 plasma model
;; x1. Author: aebustion
$PROBLEM    rabbit PK
$INPUT      ID RABBITID OLDID=DROP DOSEX DOSEFLAT NDOSES TIME TAD NGML
            NDV EVID MDV AMT II ADDL LESION METAB INFECT WT METHOD
            BIOPSY CMT TUBENO DIST INOUTRANK BLQ iF1 LESIONBIN
            SURFACEAREATOTAL SURFACEAREAUM2 DV
$DATA      TBAJ587_plasma_lesion_data_nm_restructure_logDV.csv
            IGNORE=@ IGNORE(LESION.EQ.0) IGNORE(LESION.EQ.1)
            IGNORE(LESION.EQ.2) IGNORE(LESION.EQ.3)
            IGNORE(TUBENO.EQ.-99) IGNORE(BLQ.EQ.1)

; uninvolved lung

; from the 300 mg study without DIST info

;IGNORE(METAB.EQ.1)
$SUBROUTINE ADVAN6 TOL=9
$MODEL      NCOMP=8 COMP=(ABS,DEFDOSE) COMP=(CENTRAL,DEFOBS)
            COMP=(PERIPH) COMP=(TRANSIT) COMP=(METAB)
            COMP=(METABPERIPH) COMP=(CASEUMPARENT) COMP=(CASEUMMETAB)
$PK

IF(METAB.EQ.0) L2 = 1
IF(METAB.EQ.1) L2 = 2

;IF(L2.EQ.1) CMT = 2
;IF(L2.EQ.2) CMT = 5

CL = THETA(3)
KM = THETA(6)

V  = THETA(4)

KA = THETA(5)
S2 = V
F1 = 1 * EXP(ETA(1))

ALAG1 = THETA(7)

Q = THETA(8)
V2 = THETA(9)

CLM = THETA(10)
VM = THETA(11)

QM = THETA(12)
VM2 = THETA(13)

;IF(DIST.EQ.-99) THEN ; cellular samples
;DISTN = 0 
;ELSE 
;DISTN = DIST
;ENDIF

IF(DIST.LE.10) THEN
DISTN = 10
ELSE
DISTN = DIST
ENDIF

DISTCOV = THETA(16)
DISTCOVGAMMA = THETA(20)
TVKPL7 = THETA(14) 
KPL7 = TVKPL7

TVPC7 = exp(THETA(15))/DISTN**DISTCOVGAMMA
PC7 = TVPC7

DISTCOVMETAB = THETA(19)
DISTCOVMETABGAMMA = THETA(21)
TVKPL8 = THETA(17) 
KPL8 = TVKPL8

TVPC8 = exp(THETA(18))/DISTN**DISTCOVMETABGAMMA
PC8 = TVPC8

$DES      
DADT(1)=-KA*A(1)
DADT(2)= KA*A(4)- CL/V*A(2) - Q/V*A(2) + Q/V2*A(3) 
DADT(3)= Q/V*A(2) - Q/V2*A(3)
DADT(4)= KA*A(1)-KA*A(4)

DADT(5)= CL/V*A(2)-CLM/VM*A(5) - QM/VM*A(5) + QM/VM2*A(6) 
DADT(6)= QM/VM*A(5) - QM/VM2*A(6)

DADT(7)= KPL7 * (PC7 * A(2)/V - A(7))
DADT(8)= KPL8 * (PC8 * A(5)/VM - A(8))

$ERROR         

CP = A(2)/V
CM = A(5)/VM

DEL = 1E-12
IPRED = LOG(A(7)+DEL)
IF(L2.EQ.2) IPRED = LOG(A(8)+DEL)

W = SQRT( (THETA(1)/EXP(IPRED))**2 + THETA(2))
IF(L2.EQ.2) W = SQRT( (THETA(6)/EXP(IPRED))**2 + THETA(7))
IF(W.EQ.0) W = 1


IRES = DV-IPRED
IWRES = IRES/W

;Y = IPRED + W*EPS(1) + EPS(2)
;IF(L2.EQ.2) Y = IPRED + W*EPS(3) + EPS(4)


Y = IPRED+W*EPS(1)
IF(L2.EQ.2) Y = IPRED+W*EPS(2)

$THETA  (0,0.421528) ; 1 prop Error
 (0,0.221896) ; 2 add Error
 (0,7.12) FIX ; 3 CL L/h
 (0,89.4) FIX ; 4 V L
 (0,0.283) FIX ; 5 KA 1/h
 (0,0.238709) ; 6 metab prop Error
 (0,0.631876) ; 7 metab add Error
 (0,13.5) FIX ; 8 Q
 (0,182) FIX ; 9 V2
 (0,12.8) FIX ; 10 CLM
 (0,38.9) FIX ; 11 VM
 (0,41.3) FIX ; 12 QM
 (0,353) FIX ; 13 VM2
 (0,0.00891594) ; 14 KPL7
 (0,12.2669) ; 15 PC7
 0 FIX ; 16 DISTCOV
 (0,0.0167351) ; 17 KPL8
 (0,12.8948) ; 18 PC8
 0 FIX ; 19 DISTCOV
 (0,1.86104) ; 20 DISTCOVGAMMA
 (0,1.89186) ; 21 DISTCOVMETABGAMMA
$OMEGA  0.40602384  FIX  ;    1 F IIV
$SIGMA  1  FIX  ;    1 error
 1  FIX  ;    2 error
$ESTIMATION METHOD=1 INTERACTION PRINT=5 NSIG=3 SIGL=9 MAXEVAL=9999
            NOABORT
$COVARIANCE UNCONDITIONAL
$TABLE      ID RABBITID BIOPSY TIME TAD IPRED PRED DV METAB LESION
            SURFACEAREATOTAL SURFACEAREAUM2 AMT DOSEX DIST WRES IWRES
            CWRES EVID F1 CL V KPL7 PC7 KPL8 PC8 INFECT WT
            FILE=sdtabD01 NOPRINT ONEHEADER


NM-TRAN MESSAGES
  
 WARNINGS AND ERRORS (IF ANY) FOR PROBLEM    1
             
 (WARNING  2) NM-TRAN INFERS THAT THE DATA ARE POPULATION.

License Registered to: UCSF Dept of Bioengineering Therapeutic Sciences
Expiration Date:    14 APR 2025
Current Date:        6 MAY 2024
Days until program expires : 343
1NONLINEAR MIXED EFFECTS MODEL PROGRAM (NONMEM) VERSION 7.5.0
 ORIGINALLY DEVELOPED BY STUART BEAL, LEWIS SHEINER, AND ALISON BOECKMANN
 CURRENT DEVELOPERS ARE ROBERT BAUER, ICON DEVELOPMENT SOLUTIONS,
 AND ALISON BOECKMANN. IMPLEMENTATION, EFFICIENCY, AND STANDARDIZATION
 PERFORMED BY NOUS INFOSYSTEMS.

 PROBLEM NO.:         1
 rabbit PK
0DATA CHECKOUT RUN:              NO
 DATA SET LOCATED ON UNIT NO.:    2
 THIS UNIT TO BE REWOUND:        NO
 NO. OF DATA RECS IN DATA SET:      172
 NO. OF DATA ITEMS IN DATA SET:  30
 ID DATA ITEM IS DATA ITEM NO.:   1
 DEP VARIABLE IS DATA ITEM NO.:  30
 MDV DATA ITEM IS DATA ITEM NO.: 11
0INDICES PASSED TO SUBROUTINE PRED:
  10   6  12   0   0  13  21   0   0   0  14
0LABELS FOR DATA ITEMS:
 ID RABBITID DOSEX DOSEFLAT NDOSES TIME TAD NGML NDV EVID MDV AMT II ADDL LESION METAB INFECT WT METHOD BIOPSY CMT TUBENO
 DIST INOUTRANK BLQ iF1 LESIONBIN SURFACEAREATOTAL SURFACEAREAUM2 DV
0(NONBLANK) LABELS FOR PRED-DEFINED ITEMS:
 CL V F1 KPL7 PC7 KPL8 PC8 IPRED IWRES
0FORMAT FOR DATA:
 (4(6E12.0/),6E12.0)

 TOT. NO. OF OBS RECS:      114
 TOT. NO. OF INDIVIDUALS:       58
0LENGTH OF THETA:  21
0DEFAULT THETA BOUNDARY TEST OMITTED:    NO
0OMEGA HAS SIMPLE DIAGONAL FORM WITH DIMENSION:   1
0DEFAULT OMEGA BOUNDARY TEST OMITTED:    NO
0SIGMA HAS SIMPLE DIAGONAL FORM WITH DIMENSION:   2
0DEFAULT SIGMA BOUNDARY TEST OMITTED:    NO
0INITIAL ESTIMATE OF THETA:
 LOWER BOUND    INITIAL EST    UPPER BOUND
  0.0000E+00     0.4215E+00     0.1000E+07
  0.0000E+00     0.2219E+00     0.1000E+07
  0.7120E+01     0.7120E+01     0.7120E+01
  0.8940E+02     0.8940E+02     0.8940E+02
  0.2830E+00     0.2830E+00     0.2830E+00
  0.0000E+00     0.2387E+00     0.1000E+07
  0.0000E+00     0.6319E+00     0.1000E+07
  0.1350E+02     0.1350E+02     0.1350E+02
  0.1820E+03     0.1820E+03     0.1820E+03
  0.1280E+02     0.1280E+02     0.1280E+02
  0.3890E+02     0.3890E+02     0.3890E+02
  0.4130E+02     0.4130E+02     0.4130E+02
  0.3530E+03     0.3530E+03     0.3530E+03
  0.0000E+00     0.8916E-02     0.1000E+07
  0.0000E+00     0.1227E+02     0.1000E+07
  0.0000E+00     0.0000E+00     0.0000E+00
  0.0000E+00     0.1674E-01     0.1000E+07
  0.0000E+00     0.1289E+02     0.1000E+07
  0.0000E+00     0.0000E+00     0.0000E+00
  0.0000E+00     0.1861E+01     0.1000E+07
  0.0000E+00     0.1892E+01     0.1000E+07
0INITIAL ESTIMATE OF OMEGA:
 0.4060E+00
0OMEGA CONSTRAINED TO BE THIS INITIAL ESTIMATE
0INITIAL ESTIMATE OF SIGMA:
 0.1000E+01
 0.0000E+00   0.1000E+01
0SIGMA CONSTRAINED TO BE THIS INITIAL ESTIMATE
0COVARIANCE STEP OMITTED:        NO
 EIGENVLS. PRINTED:              NO
 SPECIAL COMPUTATION:            NO
 COMPRESSED FORMAT:              NO
 GRADIENT METHOD USED:     NOSLOW
 SIGDIGITS ETAHAT (SIGLO):                  -1
 SIGDIGITS GRADIENTS (SIGL):                -1
 EXCLUDE COV FOR FOCE (NOFCOV):              NO
 Cholesky Transposition of R Matrix (CHOLROFF):0
 KNUTHSUMOFF:                                -1
 RESUME COV ANALYSIS (RESUME):               NO
 SIR SAMPLE SIZE (SIRSAMPLE):
 NON-LINEARLY TRANSFORM THETAS DURING COV (THBND): 1
 PRECONDTIONING CYCLES (PRECOND):        0
 PRECONDTIONING TYPES (PRECONDS):        TOS
 FORCED PRECONDTIONING CYCLES (PFCOND):0
 PRECONDTIONING TYPE (PRETYPE):        0
 FORCED POS. DEFINITE SETTING DURING PRECONDITIONING: (FPOSDEF):0
 SIMPLE POS. DEFINITE SETTING: (POSDEF):-1
0TABLES STEP OMITTED:    NO
 NO. OF TABLES:           1
 SEED NUMBER (SEED):    11456
 RANMETHOD:             3U
 MC SAMPLES (ESAMPLE):    300
 WRES SQUARE ROOT TYPE (WRESCHOL): EIGENVALUE
0-- TABLE   1 --
0RECORDS ONLY:    ALL
04 COLUMNS APPENDED:    YES
 PRINTED:                NO
 HEADER:                YES
 FILE TO BE FORWARDED:   NO
 FORMAT:                S1PE11.4
 IDFORMAT:
 LFORMAT:
 RFORMAT:
 FIXED_EFFECT_ETAS:
0USER-CHOSEN ITEMS:
 ID RABBITID BIOPSY TIME TAD IPRED DV METAB LESION SURFACEAREATOTAL SURFACEAREAUM2 AMT DOSEX DIST IWRES CWRES EVID F1 CL V
 KPL7 PC7 KPL8 PC8 INFECT WT
1DOUBLE PRECISION PREDPP VERSION 7.5.0

 GENERAL NONLINEAR KINETICS MODEL (DVERK1, ADVAN6)
0MODEL SUBROUTINE USER-SUPPLIED - ID NO. 9999
0MAXIMUM NO. OF BASIC PK PARAMETERS:  13
0COMPARTMENT ATTRIBUTES
 COMPT. NO.   FUNCTION                         INITIAL    ON/OFF      DOSE      DEFAULT    DEFAULT
                                               STATUS     ALLOWED    ALLOWED    FOR DOSE   FOR OBS.
    1         ABS                                ON         YES        YES        YES        NO
    2         CENTRAL                            ON         YES        YES        NO         YES
    3         PERIPH                             ON         YES        YES        NO         NO
    4         TRANSIT                            ON         YES        YES        NO         NO
    5         METAB                              ON         YES        YES        NO         NO
    6         METABPERIPH                        ON         YES        YES        NO         NO
    7         CASEUMPARENT                       ON         YES        YES        NO         NO
    8         CASEUMMETAB                        ON         YES        YES        NO         NO
    9         OUTPUT                             OFF        YES        NO         NO         NO
 INITIAL (BASE) TOLERANCE SETTINGS:
 NRD (RELATIVE) VALUE OF TOLERANCE:   9
 ANRD (ABSOLUTE) VALUE OF TOLERANCE:  12
1
 ADDITIONAL PK PARAMETERS - ASSIGNMENT OF ROWS IN GG
 COMPT. NO.                             INDICES
              SCALE      BIOAVAIL.   ZERO-ORDER  ZERO-ORDER  ABSORB
                         FRACTION    RATE        DURATION    LAG
    1            *          15           *           *          16
    2           14           *           *           *           *
    3            *           *           *           *           *
    4            *           *           *           *           *
    5            *           *           *           *           *
    6            *           *           *           *           *
    7            *           *           *           *           *
    8            *           *           *           *           *
    9            *           -           -           -           -
             - PARAMETER IS NOT ALLOWED FOR THIS MODEL
             * PARAMETER IS NOT SUPPLIED BY PK SUBROUTINE;
               WILL DEFAULT TO ONE IF APPLICABLE
0DATA ITEM INDICES USED BY PRED ARE:
   EVENT ID DATA ITEM IS DATA ITEM NO.:     10
   TIME DATA ITEM IS DATA ITEM NO.:          6
   DOSE AMOUNT DATA ITEM IS DATA ITEM NO.:  12
   INTERVAL DATA ITEM IS DATA ITEM NO.:     13
   ADDL. DOSES DATA ITEM IS DATA ITEM NO.:  14
   COMPT. NO. DATA ITEM IS DATA ITEM NO.:   21

0PK SUBROUTINE CALLED WITH EVERY EVENT RECORD.
 PK SUBROUTINE NOT CALLED AT NONEVENT (ADDITIONAL OR LAGGED) DOSE TIMES.
0ERROR SUBROUTINE CALLED WITH EVERY EVENT RECORD.
0ERROR SUBROUTINE INDICATES THAT DERIVATIVES OF COMPARTMENT AMOUNTS ARE USED.
0DES SUBROUTINE USES COMPACT STORAGE MODE.
1


 #TBLN:      1
 #METH: First Order Conditional Estimation with Interaction

 ESTIMATION STEP OMITTED:                 NO
 ANALYSIS TYPE:                           POPULATION
 NUMBER OF SADDLE POINT RESET ITERATIONS:      0
 GRADIENT METHOD USED:               NOSLOW
 CONDITIONAL ESTIMATES USED:              YES
 CENTERED ETA:                            NO
 EPS-ETA INTERACTION:                     YES
 LAPLACIAN OBJ. FUNC.:                    NO
 NO. OF FUNCT. EVALS. ALLOWED:            9999
 NO. OF SIG. FIGURES REQUIRED:            3
 INTERMEDIATE PRINTOUT:                   YES
 ESTIMATE OUTPUT TO MSF:                  NO
 ABORT WITH PRED EXIT CODE 1:             NO
 IND. OBJ. FUNC. VALUES SORTED:           NO
 NUMERICAL DERIVATIVE
       FILE REQUEST (NUMDER):               NONE
 MAP (ETAHAT) ESTIMATION METHOD (OPTMAP):   0
 ETA HESSIAN EVALUATION METHOD (ETADER):    0
 INITIAL ETA FOR MAP ESTIMATION (MCETA):    0
 SIGDIGITS FOR MAP ESTIMATION (SIGLO):      9
 GRADIENT SIGDIGITS OF
       FIXED EFFECTS PARAMETERS (SIGL):     9
 NOPRIOR SETTING (NOPRIOR):                 0
 NOCOV SETTING (NOCOV):                     OFF
 DERCONT SETTING (DERCONT):                 OFF
 FINAL ETA RE-EVALUATION (FNLETA):          1
 EXCLUDE NON-INFLUENTIAL (NON-INFL.) ETAS
       IN SHRINKAGE (ETASTYPE):             NO
 NON-INFL. ETA CORRECTION (NONINFETA):      0
 RAW OUTPUT FILE (FILE): psn.ext
 EXCLUDE TITLE (NOTITLE):                   NO
 EXCLUDE COLUMN LABELS (NOLABEL):           NO
 FORMAT FOR ADDITIONAL FILES (FORMAT):      S1PE12.5
 PARAMETER ORDER FOR OUTPUTS (ORDER):       TSOL
 KNUTHSUMOFF:                               0
 INCLUDE LNTWOPI:                           NO
 INCLUDE CONSTANT TERM TO PRIOR (PRIORC):   NO
 INCLUDE CONSTANT TERM TO OMEGA (ETA) (OLNTWOPI):NO
 ADDITIONAL CONVERGENCE TEST (CTYPE=4)?:    NO
 EM OR BAYESIAN METHOD USED:                 NONE

 TOLERANCES FOR ESTIMATION/EVALUATION STEP:
 NRD (RELATIVE) VALUE OF TOLERANCE:   9
 ANRD (ABSOLUTE) VALUE OF TOLERANCE:  12
 TOLERANCES FOR COVARIANCE STEP:
 NRD (RELATIVE) VALUE OF TOLERANCE:   9
 ANRD (ABSOLUTE) VALUE OF TOLERANCE:  12
 TOLERANCES FOR TABLE/SCATTER STEP:
 NRD (RELATIVE) VALUE OF TOLERANCE:   9
 ANRD (ABSOLUTE) VALUE OF TOLERANCE:  12

 THE FOLLOWING LABELS ARE EQUIVALENT
 PRED=PREDI
 RES=RESI
 WRES=WRESI
 IWRS=IWRESI
 IPRD=IPREDI
 IRS=IRESI

 MONITORING OF SEARCH:


0ITERATION NO.:    0    OBJECTIVE VALUE:   127.477663835923        NO. OF FUNC. EVALS.:  12
 CUMULATIVE NO. OF FUNC. EVALS.:       12
 NPARAMETR:  4.2153E-01  2.2190E-01  2.3871E-01  6.3188E-01  8.9159E-03  1.2267E+01  1.6735E-02  1.2895E+01  1.8610E+00  1.8919E+00

 PARAMETER:  1.0000E-01  1.0000E-01  1.0000E-01  1.0000E-01  1.0000E-01  1.0000E-01  1.0000E-01  1.0000E-01  1.0000E-01  1.0000E-01

 GRADIENT:   2.9114E+01  5.8594E+00  1.0643E+01  1.6299E+01 -6.9465E+00 -3.8822E+02 -3.6364E+00 -1.4218E+02  3.8462E+02  1.4227E+02


0ITERATION NO.:    5    OBJECTIVE VALUE:   104.671671507889        NO. OF FUNC. EVALS.:  72
 CUMULATIVE NO. OF FUNC. EVALS.:       84
 NPARAMETR:  2.8530E-01  1.9510E-01  1.9455E-01  4.2739E-01  7.2257E-03  1.0189E+01  1.6982E-02  1.0359E+01  1.4683E+00  1.4393E+00

 PARAMETER: -2.9033E-01 -2.8676E-02 -1.0458E-01 -2.9100E-01 -1.1020E-01 -8.5591E-02  1.1464E-01 -1.1894E-01 -1.3704E-01 -1.7339E-01

 GRADIENT:   8.9177E+00  6.0416E+00  1.2895E+00  1.0714E+01  4.4026E+00 -6.4403E+01  2.1876E+00 -2.9312E+01  4.3532E+01 -1.8079E+00


0ITERATION NO.:   10    OBJECTIVE VALUE:   90.3863970296520        NO. OF FUNC. EVALS.:  66
 CUMULATIVE NO. OF FUNC. EVALS.:      150
 NPARAMETR:  2.9299E-01  8.4359E-02  2.3888E-01  5.5682E-02  6.0348E-03  1.0668E+01  1.1697E-02  1.2123E+01  1.5410E+00  1.7132E+00

 PARAMETER: -2.6373E-01 -8.6713E-01  1.0072E-01 -2.3290E+00 -2.9030E-01 -3.9683E-02 -2.5816E-01  3.8311E-02 -8.8710E-02  8.0307E-04

 GRADIENT:   6.8363E+00  1.4093E+00 -1.7818E+00  9.2475E-01 -9.2152E+00 -2.3992E+02  5.8636E+00  2.1840E+02  1.8883E+02 -1.8220E+02


0ITERATION NO.:   15    OBJECTIVE VALUE:   88.1760349847022        NO. OF FUNC. EVALS.:  68
 CUMULATIVE NO. OF FUNC. EVALS.:      218
 NPARAMETR:  2.4418E-01  6.4115E-02  2.0839E-01  5.6916E-02  6.0285E-03  1.1260E+01  1.1674E-02  1.2928E+01  1.6366E+00  1.8612E+00

 PARAMETER: -4.4597E-01 -1.1415E+00 -3.5816E-02 -2.3071E+00 -2.9134E-01  1.4389E-02 -2.6017E-01  1.0255E-01 -2.8513E-02  8.3686E-02

 GRADIENT:  -7.7776E-02 -2.4550E-02  1.3156E-02 -5.9230E-02 -9.8001E-02 -3.1852E+00  1.5828E-01  3.1297E+00  2.5917E+00 -3.0820E+00


0ITERATION NO.:   20    OBJECTIVE VALUE:   88.1732696456165        NO. OF FUNC. EVALS.:  66
 CUMULATIVE NO. OF FUNC. EVALS.:      284
 NPARAMETR:  2.4463E-01  6.3150E-02  2.0743E-01  5.8425E-02  6.0075E-03  1.1269E+01  1.1646E-02  1.2947E+01  1.6376E+00  1.8647E+00

 PARAMETER: -4.4412E-01 -1.1567E+00 -4.0447E-02 -2.2809E+00 -2.9483E-01  1.5186E-02 -2.6253E-01  1.0406E-01 -2.7890E-02  8.5565E-02

 GRADIENT:  -2.3960E-03  1.7934E-03 -1.1004E-02 -5.7876E-03 -1.2242E-03 -5.7846E-02 -1.9487E-03  1.2858E-01  5.3009E-02 -1.1322E-01


0ITERATION NO.:   25    OBJECTIVE VALUE:   88.1726293146123        NO. OF FUNC. EVALS.: 132
 CUMULATIVE NO. OF FUNC. EVALS.:      416
 NPARAMETR:  2.4423E-01  6.3025E-02  2.0706E-01  5.8603E-02  6.0140E-03  1.1287E+01  1.1657E-02  1.2967E+01  1.6406E+00  1.8683E+00

 PARAMETER: -4.4580E-01 -1.1587E+00 -4.2259E-02 -2.2779E+00 -2.9375E-01  1.6715E-02 -2.6161E-01  1.0561E-01 -2.6065E-02  8.7472E-02

 GRADIENT:  -2.0292E-03  4.4019E-04  3.6154E-04  3.4339E-04  1.7449E-02  2.5363E-01 -9.2457E-03 -2.1102E-02 -2.1195E-01  1.6212E-02


 #TERM:
0MINIMIZATION SUCCESSFUL
 NO. OF FUNCTION EVALUATIONS USED:      416
 NO. OF SIG. DIGITS IN FINAL EST.:  3.0

 ETABAR IS THE ARITHMETIC MEAN OF THE ETA-ESTIMATES,
 AND THE P-VALUE IS GIVEN FOR THE NULL HYPOTHESIS THAT THE TRUE MEAN IS 0.

 ETABAR:         1.5682E-02
 SE:             7.8142E-02
 N:                      58

 P VAL.:         8.4095E-01

 ETASHRINKSD(%)  5.7893E+00
 ETASHRINKVR(%)  1.1243E+01
 EBVSHRINKSD(%)  1.0460E+01
 EBVSHRINKVR(%)  1.9826E+01
 RELATIVEINF(%)  8.0174E+01
 EPSSHRINKSD(%)  1.5892E+01  1.4799E+01
 EPSSHRINKVR(%)  2.9258E+01  2.7407E+01

  
 TOTAL DATA POINTS NORMALLY DISTRIBUTED (N):          114
 N*LOG(2PI) CONSTANT TO OBJECTIVE FUNCTION:    209.51798557066536     
 OBJECTIVE FUNCTION VALUE WITHOUT CONSTANT:    88.172629314612252     
 OBJECTIVE FUNCTION VALUE WITH CONSTANT:       297.69061488527763     
 REPORTED OBJECTIVE FUNCTION DOES NOT CONTAIN CONSTANT
  
 TOTAL EFFECTIVE ETAS (NIND*NETA):                            58
  
 #TERE:
 Elapsed estimation  time in seconds:   246.77
 Elapsed covariance  time in seconds:   335.21
 Elapsed postprocess time in seconds:     1.99
1
 
 
 
 
 
 
 
 
 
 
 
 
 
 
 
 
 
 
 
 
 ************************************************************************************************************************
 ********************                                                                                ********************
 ********************               FIRST ORDER CONDITIONAL ESTIMATION WITH INTERACTION              ********************
 #OBJT:**************                       MINIMUM VALUE OF OBJECTIVE FUNCTION                      ********************
 ********************                                                                                ********************
 ************************************************************************************************************************
 





 #OBJV:********************************************       88.173       **************************************************
1
 ************************************************************************************************************************
 ********************                                                                                ********************
 ********************               FIRST ORDER CONDITIONAL ESTIMATION WITH INTERACTION              ********************
 ********************                             FINAL PARAMETER ESTIMATE                           ********************
 ********************                                                                                ********************
 ************************************************************************************************************************
 


 THETA - VECTOR OF FIXED EFFECTS PARAMETERS   *********


         TH 1      TH 2      TH 3      TH 4      TH 5      TH 6      TH 7      TH 8      TH 9      TH10      TH11      TH12     
          TH13      TH14      TH15      TH16      TH17      TH18      TH19      TH20      TH21     
 
         2.44E-01  6.30E-02  7.12E+00  8.94E+01  2.83E-01  2.07E-01  5.86E-02  1.35E+01  1.82E+02  1.28E+01  3.89E+01  4.13E+01
          3.53E+02  6.01E-03  1.13E+01  0.00E+00  1.17E-02  1.30E+01  0.00E+00  1.64E+00  1.87E+00
 


 OMEGA - COV MATRIX FOR RANDOM EFFECTS - ETAS  ********


         ETA1     
 
 ETA1
+        4.06E-01
 


 SIGMA - COV MATRIX FOR RANDOM EFFECTS - EPSILONS  ****


         EPS1      EPS2     
 
 EPS1
+        1.00E+00
 
 EPS2
+        0.00E+00  1.00E+00
 
1


 OMEGA - CORR MATRIX FOR RANDOM EFFECTS - ETAS  *******


         ETA1     
 
 ETA1
+        6.37E-01
 


 SIGMA - CORR MATRIX FOR RANDOM EFFECTS - EPSILONS  ***


         EPS1      EPS2     
 
 EPS1
+        1.00E+00
 
 EPS2
+        0.00E+00  1.00E+00
 
1
 ************************************************************************************************************************
 ********************                                                                                ********************
 ********************               FIRST ORDER CONDITIONAL ESTIMATION WITH INTERACTION              ********************
 ********************                            STANDARD ERROR OF ESTIMATE                          ********************
 ********************                                                                                ********************
 ************************************************************************************************************************
 


 THETA - VECTOR OF FIXED EFFECTS PARAMETERS   *********


         TH 1      TH 2      TH 3      TH 4      TH 5      TH 6      TH 7      TH 8      TH 9      TH10      TH11      TH12     
          TH13      TH14      TH15      TH16      TH17      TH18      TH19      TH20      TH21     
 
         6.33E-02  4.72E-02 ......... ......... .........  4.96E-02  5.02E-02 ......... ......... ......... ......... .........
         .........  2.04E-03  7.16E-01 .........  3.16E-03  8.21E-01 .........  1.39E-01  1.54E-01
 


 OMEGA - COV MATRIX FOR RANDOM EFFECTS - ETAS  ********


         ETA1     
 
 ETA1
+       .........
 


 SIGMA - COV MATRIX FOR RANDOM EFFECTS - EPSILONS  ****


         EPS1      EPS2     
 
 EPS1
+       .........
 
 EPS2
+       ......... .........
 
1


 OMEGA - CORR MATRIX FOR RANDOM EFFECTS - ETAS  *******


         ETA1     
 
 ETA1
+       .........
 


 SIGMA - CORR MATRIX FOR RANDOM EFFECTS - EPSILONS  ***


         EPS1      EPS2     
 
 EPS1
+       .........
 
 EPS2
+       ......... .........
 
1
 ************************************************************************************************************************
 ********************                                                                                ********************
 ********************               FIRST ORDER CONDITIONAL ESTIMATION WITH INTERACTION              ********************
 ********************                          COVARIANCE MATRIX OF ESTIMATE                         ********************
 ********************                                                                                ********************
 ************************************************************************************************************************
 

            TH 1      TH 2      TH 3      TH 4      TH 5      TH 6      TH 7      TH 8      TH 9      TH10      TH11      TH12  
             TH13      TH14      TH15      TH16      TH17      TH18      TH19      TH20      TH21      OM11      SG11      SG12  
            SG22  
 
 TH 1
+        4.01E-03
 
 TH 2
+       -4.74E-05  2.22E-03
 
 TH 3
+       ......... ......... .........
 
 TH 4
+       ......... ......... ......... .........
 
 TH 5
+       ......... ......... ......... ......... .........
 
 TH 6
+        1.90E-03  7.62E-04 ......... ......... .........  2.46E-03
 
 TH 7
+       -5.26E-04 -1.38E-03 ......... ......... ......... -9.19E-04  2.52E-03
 
 TH 8
+       ......... ......... ......... ......... ......... ......... ......... .........
 
 TH 9
+       ......... ......... ......... ......... ......... ......... ......... ......... .........
 
 TH10
+       ......... ......... ......... ......... ......... ......... ......... ......... ......... .........
 
 TH11
+       ......... ......... ......... ......... ......... ......... ......... ......... ......... ......... .........
 
 TH12
+       ......... ......... ......... ......... ......... ......... ......... ......... ......... ......... ......... .........
 
 TH13
+       ......... ......... ......... ......... ......... ......... ......... ......... ......... ......... ......... .........
         .........
 
 TH14
+       -2.07E-07 -3.05E-05 ......... ......... .........  2.24E-05  1.72E-05 ......... ......... ......... ......... .........
         .........  4.18E-06
 
 TH15
+       -1.44E-02  5.00E-03 ......... ......... ......... -5.81E-03  4.67E-04 ......... ......... ......... ......... .........
         .........  1.86E-04  5.13E-01
 
 TH16
+       ......... ......... ......... ......... ......... ......... ......... ......... ......... ......... ......... .........
         ......... ......... ......... .........
 
 TH17
+        3.30E-06 -2.91E-05 ......... ......... .........  2.37E-05  7.03E-05 ......... ......... ......... ......... .........
         .........  4.26E-06  1.07E-04 .........  1.00E-05
 
 TH18
+       -9.33E-03 -8.80E-03 ......... ......... ......... -2.22E-02 -2.33E-03 ......... ......... ......... ......... .........
         ......... -1.04E-04  3.26E-01 ......... -4.93E-04  6.75E-01
 
 TH19
+       ......... ......... ......... ......... ......... ......... ......... ......... ......... ......... ......... .........
         ......... ......... ......... ......... ......... ......... .........
 
1

            TH 1      TH 2      TH 3      TH 4      TH 5      TH 6      TH 7      TH 8      TH 9      TH10      TH11      TH12  
             TH13      TH14      TH15      TH16      TH17      TH18      TH19      TH20      TH21      OM11      SG11      SG12  
            SG22  
 
 TH20
+       -3.15E-03  5.49E-04 ......... ......... ......... -9.06E-04  2.07E-04 ......... ......... ......... ......... .........
         .........  9.51E-05  9.63E-02 .........  7.88E-05  5.83E-02 .........  1.93E-02
 
 TH21
+       -2.30E-03 -1.97E-03 ......... ......... ......... -4.57E-03  1.44E-04 ......... ......... ......... ......... .........
         .........  2.87E-06  6.00E-02 ......... -4.59E-05  1.25E-01 .........  1.13E-02  2.38E-02
 
 OM11
+       ......... ......... ......... ......... ......... ......... ......... ......... ......... ......... ......... .........
         ......... ......... ......... ......... ......... ......... ......... ......... ......... .........
 
 SG11
+       ......... ......... ......... ......... ......... ......... ......... ......... ......... ......... ......... .........
         ......... ......... ......... ......... ......... ......... ......... ......... ......... ......... .........
 
 SG12
+       ......... ......... ......... ......... ......... ......... ......... ......... ......... ......... ......... .........
         ......... ......... ......... ......... ......... ......... ......... ......... ......... ......... ......... .........
 
 SG22
+       ......... ......... ......... ......... ......... ......... ......... ......... ......... ......... ......... .........
         ......... ......... ......... ......... ......... ......... ......... ......... ......... ......... ......... .........
        .........
 
1
 ************************************************************************************************************************
 ********************                                                                                ********************
 ********************               FIRST ORDER CONDITIONAL ESTIMATION WITH INTERACTION              ********************
 ********************                          CORRELATION MATRIX OF ESTIMATE                        ********************
 ********************                                                                                ********************
 ************************************************************************************************************************
 

            TH 1      TH 2      TH 3      TH 4      TH 5      TH 6      TH 7      TH 8      TH 9      TH10      TH11      TH12  
             TH13      TH14      TH15      TH16      TH17      TH18      TH19      TH20      TH21      OM11      SG11      SG12  
            SG22  
 
 TH 1
+        6.33E-02
 
 TH 2
+       -1.59E-02  4.72E-02
 
 TH 3
+       ......... ......... .........
 
 TH 4
+       ......... ......... ......... .........
 
 TH 5
+       ......... ......... ......... ......... .........
 
 TH 6
+        6.06E-01  3.26E-01 ......... ......... .........  4.96E-02
 
 TH 7
+       -1.65E-01 -5.85E-01 ......... ......... ......... -3.69E-01  5.02E-02
 
 TH 8
+       ......... ......... ......... ......... ......... ......... ......... .........
 
 TH 9
+       ......... ......... ......... ......... ......... ......... ......... ......... .........
 
 TH10
+       ......... ......... ......... ......... ......... ......... ......... ......... ......... .........
 
 TH11
+       ......... ......... ......... ......... ......... ......... ......... ......... ......... ......... .........
 
 TH12
+       ......... ......... ......... ......... ......... ......... ......... ......... ......... ......... ......... .........
 
 TH13
+       ......... ......... ......... ......... ......... ......... ......... ......... ......... ......... ......... .........
         .........
 
 TH14
+       -1.60E-03 -3.17E-01 ......... ......... .........  2.21E-01  1.67E-01 ......... ......... ......... ......... .........
         .........  2.04E-03
 
 TH15
+       -3.18E-01  1.48E-01 ......... ......... ......... -1.64E-01  1.30E-02 ......... ......... ......... ......... .........
         .........  1.27E-01  7.16E-01
 
 TH16
+       ......... ......... ......... ......... ......... ......... ......... ......... ......... ......... ......... .........
         ......... ......... ......... .........
 
 TH17
+        1.64E-02 -1.95E-01 ......... ......... .........  1.51E-01  4.42E-01 ......... ......... ......... ......... .........
         .........  6.58E-01  4.72E-02 .........  3.16E-03
 
 TH18
+       -1.79E-01 -2.27E-01 ......... ......... ......... -5.45E-01 -5.66E-02 ......... ......... ......... ......... .........
         ......... -6.17E-02  5.55E-01 ......... -1.90E-01  8.21E-01
 
 TH19
+       ......... ......... ......... ......... ......... ......... ......... ......... ......... ......... ......... .........
         ......... ......... ......... ......... ......... ......... .........
 
1

            TH 1      TH 2      TH 3      TH 4      TH 5      TH 6      TH 7      TH 8      TH 9      TH10      TH11      TH12  
             TH13      TH14      TH15      TH16      TH17      TH18      TH19      TH20      TH21      OM11      SG11      SG12  
            SG22  
 
 TH20
+       -3.58E-01  8.38E-02 ......... ......... ......... -1.32E-01  2.97E-02 ......... ......... ......... ......... .........
         .........  3.35E-01  9.68E-01 .........  1.79E-01  5.11E-01 .........  1.39E-01
 
 TH21
+       -2.35E-01 -2.70E-01 ......... ......... ......... -5.97E-01  1.86E-02 ......... ......... ......... ......... .........
         .........  9.10E-03  5.43E-01 ......... -9.41E-02  9.86E-01 .........  5.27E-01  1.54E-01
 
 OM11
+       ......... ......... ......... ......... ......... ......... ......... ......... ......... ......... ......... .........
         ......... ......... ......... ......... ......... ......... ......... ......... ......... .........
 
 SG11
+       ......... ......... ......... ......... ......... ......... ......... ......... ......... ......... ......... .........
         ......... ......... ......... ......... ......... ......... ......... ......... ......... ......... .........
 
 SG12
+       ......... ......... ......... ......... ......... ......... ......... ......... ......... ......... ......... .........
         ......... ......... ......... ......... ......... ......... ......... ......... ......... ......... ......... .........
 
 SG22
+       ......... ......... ......... ......... ......... ......... ......... ......... ......... ......... ......... .........
         ......... ......... ......... ......... ......... ......... ......... ......... ......... ......... ......... .........
        .........
 
1
 ************************************************************************************************************************
 ********************                                                                                ********************
 ********************               FIRST ORDER CONDITIONAL ESTIMATION WITH INTERACTION              ********************
 ********************                      INVERSE COVARIANCE MATRIX OF ESTIMATE                     ********************
 ********************                                                                                ********************
 ************************************************************************************************************************
 

            TH 1      TH 2      TH 3      TH 4      TH 5      TH 6      TH 7      TH 8      TH 9      TH10      TH11      TH12  
             TH13      TH14      TH15      TH16      TH17      TH18      TH19      TH20      TH21      OM11      SG11      SG12  
            SG22  
 
 TH 1
+        8.40E+02
 
 TH 2
+        1.05E+02  1.50E+03
 
 TH 3
+       ......... ......... .........
 
 TH 4
+       ......... ......... ......... .........
 
 TH 5
+       ......... ......... ......... ......... .........
 
 TH 6
+       -1.08E+03 -5.98E+01 ......... ......... .........  2.72E+03
 
 TH 7
+       -4.41E+01  1.09E+03 ......... ......... .........  5.34E+02  1.69E+03
 
 TH 8
+       ......... ......... ......... ......... ......... ......... ......... .........
 
 TH 9
+       ......... ......... ......... ......... ......... ......... ......... ......... .........
 
 TH10
+       ......... ......... ......... ......... ......... ......... ......... ......... ......... .........
 
 TH11
+       ......... ......... ......... ......... ......... ......... ......... ......... ......... ......... .........
 
 TH12
+       ......... ......... ......... ......... ......... ......... ......... ......... ......... ......... ......... .........
 
 TH13
+       ......... ......... ......... ......... ......... ......... ......... ......... ......... ......... ......... .........
         .........
 
 TH14
+       -1.36E+04  9.18E+03 ......... ......... .........  1.61E+04 -5.44E+03 ......... ......... ......... ......... .........
         .........  2.28E+06
 
 TH15
+       -2.26E+02 -1.73E+02 ......... ......... .........  3.48E+02 -3.12E+02 ......... ......... ......... ......... .........
         .........  2.35E+04  3.75E+02
 
 TH16
+       ......... ......... ......... ......... ......... ......... ......... ......... ......... ......... ......... .........
         ......... ......... ......... .........
 
 TH17
+        2.25E+03 -4.94E+03 ......... ......... ......... -1.09E+04 -7.27E+03 ......... ......... ......... ......... .........
         ......... -5.14E+05 -4.19E+03 .........  3.70E+05
 
 TH18
+        1.22E+02  1.84E+02 ......... ......... ......... -3.86E+02  2.85E+02 ......... ......... ......... ......... .........
         ......... -1.51E+04 -2.84E+02 .........  5.55E+03  3.43E+02
 
 TH19
+       ......... ......... ......... ......... ......... ......... ......... ......... ......... ......... ......... .........
         ......... ......... ......... ......... ......... ......... .........
 
1

            TH 1      TH 2      TH 3      TH 4      TH 5      TH 6      TH 7      TH 8      TH 9      TH10      TH11      TH12  
             TH13      TH14      TH15      TH16      TH17      TH18      TH19      TH20      TH21      OM11      SG11      SG12  
            SG22  
 
 TH20
+        1.40E+03  6.78E+02 ......... ......... ......... -2.15E+03  1.44E+03 ......... ......... ......... ......... .........
         ......... -1.32E+05 -2.02E+03 .........  2.35E+04  1.50E+03 .........  1.10E+04
 
 TH21
+       -8.43E+02 -7.45E+02 ......... ......... .........  2.56E+03 -1.23E+03 ......... ......... ......... ......... .........
         .........  8.37E+04  1.52E+03 ......... -3.12E+04 -1.83E+03 ......... -8.19E+03  9.98E+03
 
 OM11
+       ......... ......... ......... ......... ......... ......... ......... ......... ......... ......... ......... .........
         ......... ......... ......... ......... ......... ......... ......... ......... ......... .........
 
 SG11
+       ......... ......... ......... ......... ......... ......... ......... ......... ......... ......... ......... .........
         ......... ......... ......... ......... ......... ......... ......... ......... ......... ......... .........
 
 SG12
+       ......... ......... ......... ......... ......... ......... ......... ......... ......... ......... ......... .........
         ......... ......... ......... ......... ......... ......... ......... ......... ......... ......... ......... .........
 
 SG22
+       ......... ......... ......... ......... ......... ......... ......... ......... ......... ......... ......... .........
         ......... ......... ......... ......... ......... ......... ......... ......... ......... ......... ......... .........
        .........
 
 Elapsed finaloutput time in seconds:     0.01
 #CPUT: Total CPU Time in Seconds,      585.471
Stop Time:
Tue May  7 00:00:31 PDT 2024
